645 passed in 114.93s (0:01:54)
Ship gate:

tests/test_wheel_ship_gate.py::test_version_is_1_0_0 PASSED              [ 50%]
tests/test_wheel_ship_gate.py::test_no_asi_stubs_remain PASSED           [100%]

============================== 2 passed in 0.22s ===============================
